summary from last AI agent:
'''here’s what I suggest:
Plan: (1) recap what’s in place, (2) call out what’s untested, (3) outline how you can exercise it.

The new Set Models… toolbar button and LLMModelConfigDialog in flow_dock.py are wired up, but I haven’t run the GUI since the changes (the quick compileall smoke test was cancelled mid-run). So functionality is ready in code, just not verified interactively.
I recommend giving it a try: launch the app, open Flow Studio, select one or more OpenRouter LLM nodes, hit Set Models…, choose random_free or choose, and confirm the dialog updates the node properties. If you go with choose, enter explicit model IDs and run the flow to ensure the requests hit those models.
After that manual check, the natural next steps would be: (1) confirm the default Best-of-5 template still runs with random_free, (2) try a choose run with a mix of model IDs to make sure the dialog assignments stick, and (3) if the GUI behaves, let me know so I can wrap up the documentation explaining random-free mode and the new workflow.'''

terminal output:

(venv) PS C:\2nd\Main\Git-Projects\aicpgui\aicodeprep-gui-main-app> python -m aicodeprep_gui.main
2025-09-29 20:52:56,934 - INFO - Loaded font: JetBrains Mono from JetBrainsMono-VariableFont_wght.ttf
2025-09-29 20:52:56,950 - INFO - Loaded font: Fira Code from FiraCode-VariableFont_wght.ttf
2025-09-29 20:52:56,965 - INFO - Loaded font: Space Mono from SpaceMono-Regular.ttf
2025-09-29 20:52:56,965 - INFO - All loaded custom fonts: JetBrains Mono, Fira Code, Space Mono
2025-09-29 20:52:56,965 - INFO - Loaded custom fonts: JetBrains Mono, Fira Code, Space Mono
2025-09-29 20:52:56,965 - INFO - Target directory: .
2025-09-29 20:52:56,965 - INFO - Starting code concatenation...
2025-09-29 20:52:56,965 - INFO - Starting initial fast scan in: C:\2nd\Main\Git-Projects\aicpgui\aicodeprep-gui-main-app
2025-09-29 20:52:58,333 - INFO - Initial scan collected 202 items.
2025-09-29 20:52:58,472 - INFO - Sent metric event: open
2025-09-29 20:52:58,490 - INFO - Loaded font: JetBrains Mono from JetBrainsMono-VariableFont_wght.ttf
2025-09-29 20:52:58,493 - INFO - Loaded font: Fira Code from FiraCode-VariableFont_wght.ttf
2025-09-29 20:52:58,493 - INFO - Loaded font: Space Mono from SpaceMono-Regular.ttf
2025-09-29 20:52:58,493 - INFO - All loaded custom fonts: JetBrains Mono, Fira Code, Space Mono
Font debug info: Loaded font families: ['JetBrains Mono', 'Fira Code', 'Space Mono']
2025-09-29 20:52:59,924 - INFO - SyntaxHighlightedTextEdit: Using font family 'JetBrains Mono' (requested: 'JetBrains Mono')
2025-09-29 20:52:59,928 - INFO - Loaded preview window state from preferences: False
2025-09-29 20:52:59,928 - INFO - Loaded syntax highlighting state from preferences: True
2025-09-29 20:53:00,560 - INFO - Application is up to date. (current: 1.2.0, latest: 1.2.0)
2025-09-29 20:53:05,567 - ERROR - Failed to load Flow Studio dock: unterminated string literal (detected at line 463) (flow_dock.py, line 463)
2025-09-29 20:53:05,567 - ERROR - Flow Studio dock is None after creation.
(venv) PS C:\2nd\Main\Git-Projects\aicpgui\aicodeprep-gui-main-app> 

